Microsoft (R) Macro Assembler  Version 4.00                 9/28/20 19:09:41

                                                            Page     1-1
                                                            

       1                                 
       2 0000                           Code	Segment 
       3                                	assume CS:Code, DS:Data, SS:Stack 
       4                                 
       5 0000                           Start: 
       6 0000  B8 ---- R                	mov	ax, Code 
       7 0003  8E D8                    	mov	DS, AX 
       8                                 
       9                                  ; hello world, karakterenkent: 
      10 0005  B4 02                      mov AH,2 ; DOS Fn 02H: Send the chara
					cter in DL to stdout 
      11 0007  B2 48                      mov DL, 'H' 
      12 0009  CD 21                      int 21h 
      13 000B  B2 65                      mov DL, 'e' 
      14 000D  CD 21                      int 21h 
      15 000F  B2 6C                      mov DL, 'l' 
      16 0011  CD 21                      int 21h 
      17 0013  CD 21                      int 21h 
      18 0015  B2 6F                      mov DL, 'o' 
      19 0017  CD 21                      int 21h 
      20 0019  B2 20                      mov DL, ' ' 
      21 001B  CD 21                      int 21h 
      22 001D  B2 76                      mov DL, 'v' 
      23 001F  CD 21                      int 21h 
      24 0021  B2 69                      mov DL, 'i' 
      25 0023  CD 21                      int 21h 
      26 0025  B2 6C                      mov DL, 'l' 
      27 0027  CD 21                      int 21h 
      28 0029  B2 61                      mov DL, 'a' 
      29 002B  CD 21                      int 21h 
      30 002D  B2 67                      mov DL, 'g' 
      31 002F  CD 21                      int 21h 
      32 0031  B2 21                      mov DL, '!' 
      33 0033  CD 21                      int 21h 
      34 0035  B2 0A                      mov DL, 10 
      35 0037  CD 21                      int 21h 
      36 0039  B2 0D                      mov DL, 13 
      37 003B  CD 21                      int 21h 
      38                                   
      39                                  ; hello world, egyben 
      40 003D  B4 09                      mov AH,9 ; DOS Fn 09H:  DS:DX address
					 of a string terminated with $ 
      41 003F  BA 00BA R                  mov DX, OFFSET szoveg ; DS:DX-be cime
					t, DS-ben mar AX van, amiben meg a Code
					 
      42 0042  CD 21                      int 21h 
      43                                   
      44 0044  B4 02                      mov AH,2 
      45 0046  B2 0A                      mov DL, 10 
      46 0048  CD 21                      int 21h 
      47 004A  B2 0D                      mov DL, 13 
      48 004C  CD 21                      int 21h 
      49                                 
      50                                  ; szammuveletek 
Microsoft (R) Macro Assembler  Version 4.00                 9/28/20 19:09:41

                                                            Page     1-2
                                                            

      51 004E  B4 02                      mov AH,2 
      52 0050  B2 41                      mov DL,'A' 
      53 0052  FE C2                      inc DL ; 'B' 
      54 0054  80 EA 02                   sub DL,2 ; '@' 
      55 0057  80 C2 03                   add DL,3 ; 'C' 
      56 005A  FE CA                      dec DL ; 'B' 
      57 005C  CD 21                      int 21h 
      58                                 
      59 005E  B4 02                      mov AH,2 
      60 0060  B2 0A                      mov DL, 10 
      61 0062  CD 21                      int 21h 
      62 0064  B2 0D                      mov DL, 13 
      63 0066  CD 21                      int 21h 
      64                                 
      65                                  ; ugralas, osszehasonlitas 
      66 0068  B4 02                      mov AH,2 
      67 006A  80 FC 03                   cmp AH,3 ; csak flageket (OSZPAC) all
					it 
      68 006D  74 0A                      jz pEgyenlo ; jump if zero. a je (jum
					p if equal) ugyanezt csinalja. a jnz pe
					dig ugyanazt, amit a jne. 
      69                                 
      70 006F  B4 09                      mov AH,9 
      71 0071  BA 00D7 R                  mov DX, OFFSET negyenlo 
      72 0074  CD 21                      int 21h 
      73 0076  EB 08 90                   jmp Tovabb 
      74                                 
      75 0079                           pEgyenlo: 
      76 0079  B4 09                      mov AH,9 
      77 007B  BA 00CE R                  mov DX, OFFSET egyenlo 
      78 007E  CD 21                      int 21h 
      79                                 
      80 0080                           Tovabb: 
      81 0080  B4 02                      mov AH,2 
      82 0082  B2 0A                      mov DL, 10 
      83 0084  CD 21                      int 21h 
      84 0086  B2 0D                      mov DL, 13 
      85 0088  CD 21                      int 21h 
      86                                 
      87 008A  B4 02                      mov ah,2 
      88 008C  80 FC 01                   cmp ah,1 
      89 008F  7F 13                      jg pNagyobb 
      90 0091  7C 07                      jl pKisebb 
      91                                 
      92                                  ; ha nem nagyobb es nem is kisebb, ak
					kor egyenlo: 
      93 0093  B4 09                      mov AH,9 
      94 0095  BA 00CE R                  mov DX, OFFSET egyenlo 
      95 0098  CD 21                      int 21h 
      96                                 
      97 009A                           pKisebb: 
      98 009A  B4 09                      mov AH,9 
      99 009C  BA 00EC R                  mov DX, OFFSET kisebb 
     100 009F  CD 21                      int 21h 
Microsoft (R) Macro Assembler  Version 4.00                 9/28/20 19:09:41

                                                            Page     1-3
                                                            

     101 00A1  EB 08 90                   jmp MegTovabb 
     102                                 
     103 00A4                           pNagyobb: 
     104 00A4  B4 09                      mov AH,9 
     105 00A6  BA 00E4 R                  mov DX, OFFSET nagyobb 
     106 00A9  CD 21                      int 21h 
     107                                 
     108 00AB                           MegTovabb: 
     109 00AB  B4 02                      mov AH,2 
     110 00AD  B2 0A                      mov DL, 10 
     111 00AF  CD 21                      int 21h 
     112 00B1  B2 0D                      mov DL, 13 
     113 00B3  CD 21                      int 21h 
     114                                 
     115 00B5                           Program_Vege: 
     116 00B5  B8 4C00                  	mov ax, 4c00h 
     117 00B8  CD 21                    	int 21h 
     118                                 
     119 00BA  48 65 6C 6C 6F 20 76     szoveg DB "Hello vilag megint!$" ; defi
					ne byte, olyan adatstruktura, ami bajto
					kbol all 
     120       69 6C 61 67 20 6D 65     
     121       67 69 6E 74 21 24        
     122 00CE  45 67 79 65 6E 6C 6F     egyenlo DB "Egyenlo!$" 
     123       21 24                    
     124 00D7  4E 65 6D 20 65 67 79     negyenlo DB "Nem egyenlo!$" 
     125       65 6E 6C 6F 21 24        
     126 00E4  4E 61 67 79 6F 62 62     nagyobb DB "Nagyobb$" 
     127       24                       
     128 00EC  4B 69 73 65 62 62 24     kisebb DB "Kisebb$" 
     129                                
     130                                 
     131 00F3                           Code	Ends 
     132                                 
     133 0000                           Data	Segment 
     134                                 
     135 0000                           Data	Ends 
     136                                 
     137 0000                           Stack	Segment 
     138                                 
     139 0000                           Stack	Ends 
     140                                	End	Start 
Microsoft (R) Macro Assembler  Version 4.00                 9/28/20 19:09:41

                                                            Symbols-1
                                                             

Segments and Groups:

                N a m e         	Size	Align	Combine Class

CODE . . . . . . . . . . . . . .  	00F3	PARA	NONE	
DATA . . . . . . . . . . . . . .  	0000	PARA	NONE	
STACK  . . . . . . . . . . . . .  	0000	PARA	NONE	

Symbols:            

                N a m e         	Type	Value	Attr         

EGYENLO  . . . . . . . . . . . .  	L BYTE 	00CE	CODE

KISEBB . . . . . . . . . . . . .  	L BYTE 	00EC	CODE

MEGTOVABB  . . . . . . . . . . .  	L NEAR	00AB	CODE

NAGYOBB  . . . . . . . . . . . .  	L BYTE 	00E4	CODE
NEGYENLO . . . . . . . . . . . .  	L BYTE 	00D7	CODE

PEGYENLO . . . . . . . . . . . .  	L NEAR	0079	CODE
PKISEBB  . . . . . . . . . . . .  	L NEAR	009A	CODE
PNAGYOBB . . . . . . . . . . . .  	L NEAR	00A4	CODE
PROGRAM_VEGE . . . . . . . . . .  	L NEAR	00B5	CODE

START  . . . . . . . . . . . . .  	L NEAR	0000	CODE
SZOVEG . . . . . . . . . . . . .  	L BYTE 	00BA	CODE

TOVABB . . . . . . . . . . . . .  	L NEAR	0080	CODE


    134 Source  Lines
    134 Total   Lines
     36 Symbols

  48920 Bytes symbol space free

      0 Warning Errors
      0 Severe  Errors
